program - program
var - var
const - const
integer - integer
real - real
begin - begin
end - end
read - read
write - write
procedure - procedure
if - if
then - then
else - else
do - do
while - while
for - for
to - to
