program - program
lalg - id
; - ;
var - var
a - id
: - :
integer - integer
; - ;
begin - begin
readd - id
( - (
a - id
, - ,
1.4 - numero_real
, - ,
1 - numero_int
) - )
; - ;
end - end
. - .
